{
  "care_protocol_names": [
    {
      "name": "Facility Transfer Care Protocol",
      "category": "Transition"
    },
    {
      "name": "ED Visit Care Protocol",
      "category": "Transition"
    },
    {
      "name": "Network Adequacy Care Protocol",
      "category": "Transition"
    },
    {
      "name": "High Cost - High Utilization Care Protocol",
      "category": "Transition"
    },
    {
      "name": "TCM Care Protocol",
      "category": "Transition"
    },
    {
      "name": "SNF Care Protocol",
      "category": "Transition"
    },
    {
      "name": "Tuck-In Care Protocol",
      "category": "Transition"
    },
    {
      "name": "Universal Protocol",
      "category": "Transition"
    },
    {
      "name": "Chronic Disease Management: Diabetes",
      "category": "Disease Management"
    },
    {
      "name": "Chronic Disease Management: Hypertension",
      "category": "Disease Management"
    },
    {
      "name": "Chronic Disease Management: COPD",
      "category": "Disease Management"
    },
    {
      "name": "Guided Transitions Care Protocol",
      "category": "Transition"
    },
    {
      "name": "ER Admit Test Protocol (Care Protocol for Product) Asthma Outreach",
      "category": "Transition"
    },
    {
      "name": "Prospective Risk Protocol",
      "category": "Risk Team"
    },
    {
      "name": "COVID-19 Care Protocol",
      "category": "Disease Management"
    },
    {
      "name": "Chronic Disease Management: CHF",
      "category": "Disease Management"
    },
    {
      "name": "Prospective Risk Protocol V2",
      "category": "Risk Team"
    },
    {
      "name": "CHF  v2",
      "category": "Disease Management"
    }
  ]
}